Sending request to gemini-3.1-flash-image-preview with imageConfig...
Error: {"error":{"code":500,"message":"Internal error encountered.","status":"INTERNAL"}}
